*** EVALUATION ***
PROGRAM "tp3.abs"

*********************************************************************************************
TARGET SECTION
---------------------------------------------------------------------------------------------
Processor   : Freescale HC08
Memory Model: SMALL
File Format : ELF\DWARF 2.0
Linker      : SmartLinker V-5.0.41 Build 11006, Jan  7 2011

*********************************************************************************************
FILE SECTION
---------------------------------------------------------------------------------------------
INTERFAZ_c.obj                          Model: SMALL,         Lang: ANSI-C
MCUinit_c.obj                           Model: SMALL,         Lang: ANSI-C
REPRODUCIR_c.obj                        Model: SMALL,         Lang: ANSI-C
SCI_c.obj                               Model: SMALL,         Lang: ANSI-C
main_c.obj                              Model: SMALL,         Lang: ANSI-C
start08_c.obj                           Model: SMALL,         Lang: ANSI-C
mc9s08sh8_c.obj                         Model: SMALL,         Lang: ANSI-C
rtshc08.o (ansiis.lib)                  Model: SMALL,         Lang: ANSI-C

*********************************************************************************************
STARTUP SECTION
---------------------------------------------------------------------------------------------
Entry point: 0xE07B (_Startup)
_startupData is allocated at 0xE084 and uses 6 Bytes
extern struct _tagStartup {
  unsigned nofZeroOut     1
  _Range   pZeroOut       0x100     236
  _Copy    *toCopyDownBeg 0xE553
} _startupData;

*********************************************************************************************
SECTION-ALLOCATION SECTION
Section Name                    Size  Type     From       To       Segment
---------------------------------------------------------------------------------------------
.data                             32   R/W      0x100      0x11F   RAM
.init                            132     R     0xE000     0xE083   ROM
.startData                        14     R     0xE084     0xE091   ROM
.rodata1                         260     R     0xE092     0xE195   ROM
.text                            957     R     0xE196     0xE552   ROM
.copy                             38     R     0xE553     0xE578   ROM
.abs_section_ffbd                  1     R     0xFFBD     0xFFBD   .absSeg0
.abs_section_ffbf                  1     R     0xFFBF     0xFFBF   .absSeg1
.abs_section_ffc0                 64     R     0xFFC0     0xFFFF   .absSeg2
.abs_section_0                     1   N/I        0x0        0x0   .absSeg3
.abs_section_1                     1   N/I        0x1        0x1   .absSeg4
.abs_section_2                     1   N/I        0x2        0x2   .absSeg5
.abs_section_3                     1   N/I        0x3        0x3   .absSeg6
.abs_section_4                     1   N/I        0x4        0x4   .absSeg7
.abs_section_5                     1   N/I        0x5        0x5   .absSeg8
.abs_section_e                     1   N/I        0xE        0xE   .absSeg9
.abs_section_10                    1   N/I       0x10       0x10   .absSeg10
.abs_section_11                    1   N/I       0x11       0x11   .absSeg11
.abs_section_16                    1   N/I       0x16       0x16   .absSeg12
.abs_section_17                    1   N/I       0x17       0x17   .absSeg13
.abs_section_18                    1   N/I       0x18       0x18   .absSeg14
.abs_section_1a                    1   N/I       0x1A       0x1A   .absSeg15
.abs_section_1c                    1   N/I       0x1C       0x1C   .absSeg16
.abs_section_1d                    1   N/I       0x1D       0x1D   .absSeg17
.abs_section_1e                    1   N/I       0x1E       0x1E   .absSeg18
.abs_section_1f                    1   N/I       0x1F       0x1F   .absSeg19
.abs_section_20                    1   N/I       0x20       0x20   .absSeg20
.abs_section_25                    1   N/I       0x25       0x25   .absSeg21
.abs_section_28                    1   N/I       0x28       0x28   .absSeg22
.abs_section_3a                    1   N/I       0x3A       0x3A   .absSeg23
.abs_section_3b                    1   N/I       0x3B       0x3B   .absSeg24
.abs_section_3c                    1   N/I       0x3C       0x3C   .absSeg25
.abs_section_3d                    1   N/I       0x3D       0x3D   .absSeg26
.abs_section_3e                    1   N/I       0x3E       0x3E   .absSeg27
.abs_section_3f                    1   N/I       0x3F       0x3F   .absSeg28
.abs_section_48                    1   N/I       0x48       0x48   .absSeg29
.abs_section_49                    1   N/I       0x49       0x49   .absSeg30
.abs_section_4a                    1   N/I       0x4A       0x4A   .absSeg31
.abs_section_4b                    1   N/I       0x4B       0x4B   .absSeg32
.abs_section_50                    1   N/I       0x50       0x50   .absSeg33
.abs_section_51                    1   N/I       0x51       0x51   .absSeg34
.abs_section_52                    1   N/I       0x52       0x52   .absSeg35
.abs_section_53                    1   N/I       0x53       0x53   .absSeg36
.abs_section_55                    1   N/I       0x55       0x55   .absSeg37
.abs_section_58                    1   N/I       0x58       0x58   .absSeg38
.abs_section_59                    1   N/I       0x59       0x59   .absSeg39
.abs_section_5a                    1   N/I       0x5A       0x5A   .absSeg40
.abs_section_5b                    1   N/I       0x5B       0x5B   .absSeg41
.abs_section_5c                    1   N/I       0x5C       0x5C   .absSeg42
.abs_section_5d                    1   N/I       0x5D       0x5D   .absSeg43
.abs_section_60                    1   N/I       0x60       0x60   .absSeg44
.abs_section_65                    1   N/I       0x65       0x65   .absSeg45
.abs_section_68                    1   N/I       0x68       0x68   .absSeg46
.abs_section_6c                    1   N/I       0x6C       0x6C   .absSeg47
.abs_section_6d                    1   N/I       0x6D       0x6D   .absSeg48
.abs_section_6e                    1   N/I       0x6E       0x6E   .absSeg49
.abs_section_1800                  1   N/I     0x1800     0x1800   .absSeg50
.abs_section_1801                  1   N/I     0x1801     0x1801   .absSeg51
.abs_section_1802                  1   N/I     0x1802     0x1802   .absSeg52
.abs_section_1803                  1   N/I     0x1803     0x1803   .absSeg53
.abs_section_1809                  1   N/I     0x1809     0x1809   .absSeg54
.abs_section_180a                  1   N/I     0x180A     0x180A   .absSeg55
.abs_section_1816                  1   N/I     0x1816     0x1816   .absSeg56
.abs_section_1817                  1   N/I     0x1817     0x1817   .absSeg57
.abs_section_1818                  1   N/I     0x1818     0x1818   .absSeg58
.abs_section_1820                  1   N/I     0x1820     0x1820   .absSeg59
.abs_section_1821                  1   N/I     0x1821     0x1821   .absSeg60
.abs_section_1823                  1   N/I     0x1823     0x1823   .absSeg61
.abs_section_1824                  1   N/I     0x1824     0x1824   .absSeg62
.abs_section_1825                  1   N/I     0x1825     0x1825   .absSeg63
.abs_section_1826                  1   N/I     0x1826     0x1826   .absSeg64
.abs_section_1840                  1   N/I     0x1840     0x1840   .absSeg65
.abs_section_1841                  1   N/I     0x1841     0x1841   .absSeg66
.abs_section_1842                  1   N/I     0x1842     0x1842   .absSeg67
.abs_section_1844                  1   N/I     0x1844     0x1844   .absSeg68
.abs_section_1845                  1   N/I     0x1845     0x1845   .absSeg69
.abs_section_1846                  1   N/I     0x1846     0x1846   .absSeg70
.abs_section_1848                  1   N/I     0x1848     0x1848   .absSeg71
.abs_section_1849                  1   N/I     0x1849     0x1849   .absSeg72
.abs_section_184a                  1   N/I     0x184A     0x184A   .absSeg73
.abs_section_184c                  1   N/I     0x184C     0x184C   .absSeg74
.abs_section_184d                  1   N/I     0x184D     0x184D   .absSeg75
.abs_section_184e                  1   N/I     0x184E     0x184E   .absSeg76
.abs_section_1850                  1   N/I     0x1850     0x1850   .absSeg77
.abs_section_1851                  1   N/I     0x1851     0x1851   .absSeg78
.abs_section_1852                  1   N/I     0x1852     0x1852   .absSeg79
.abs_section_1853                  1   N/I     0x1853     0x1853   .absSeg80
.abs_section_12                    2   N/I       0x12       0x13   .absSeg81
.abs_section_14                    2   N/I       0x14       0x15   .absSeg82
.abs_section_21                    2   N/I       0x21       0x22   .absSeg83
.abs_section_23                    2   N/I       0x23       0x24   .absSeg84
.abs_section_26                    2   N/I       0x26       0x27   .absSeg85
.abs_section_29                    2   N/I       0x29       0x2A   .absSeg86
.abs_section_38                    2   N/I       0x38       0x39   .absSeg87
.abs_section_61                    2   N/I       0x61       0x62   .absSeg88
.abs_section_63                    2   N/I       0x63       0x64   .absSeg89
.abs_section_66                    2   N/I       0x66       0x67   .absSeg90
.abs_section_69                    2   N/I       0x69       0x6A   .absSeg91
.abs_section_1806                  2   N/I     0x1806     0x1807   .absSeg92
.abs_section_1810                  2   N/I     0x1810     0x1811   .absSeg93
.abs_section_1812                  2   N/I     0x1812     0x1813   .absSeg94
.abs_section_1814                  2   N/I     0x1814     0x1815   .absSeg95
.bss                             201   R/W      0x120      0x1E8   RAM
.common                            3   R/W      0x1E9      0x1EB   RAM
.stack                            64   R/W      0x1EC      0x22B   RAM

Summary of section sizes per section type:
READ_ONLY (R):         5BB (dec:     1467)
READ_WRITE (R/W):      12C (dec:      300)
NO_INIT (N/I):          6C (dec:      108)

*********************************************************************************************
VECTOR-ALLOCATION SECTION
    Address     InitValue   InitFunction
---------------------------------------------------------------------------------------------

*********************************************************************************************
OBJECT-ALLOCATION SECTION
     Name               Module                 Addr   hSize   dSize     Ref    Section   RLIB
---------------------------------------------------------------------------------------------
MODULE:                 -- INTERFAZ_c.obj --
- PROCEDURES:
     INTERFAZ_bienvenida                       E196       6       6       1   .text       
     INTERFAZ_tabla                            E19C       C      12       1   .text       
     INTERFAZ_menu                             E1A8      12      18       1   .text       
     INTERFAZ_cmd_inv                          E1BA       6       6       1   .text       
- VARIABLES:
     STRING.BIENVENIDO...1                     E092       D      13       1   .rodata1    
     STRING.100Hz.100..300Hz.300.2             E09F      35      53       1   .rodata1    
     STRING.5KHz.5K..10KHz.10K...3             E0D4      21      33       1   .rodata1    
     STRING..reset....reset....4               E0F5      13      19       1   .rodata1    
     STRING..on....sonido.on....5              E108      14      20       1   .rodata1    
     STRING..off....sonido.off...6             E11C      16      22       1   .rodata1    
     STRING.comando.invalido....8              E132      14      20       1   .rodata1    
MODULE:                 -- MCUinit_c.obj --
- PROCEDURES:
     MCU_init                                  E1C0      5E      94       1   .text       
     isrVscitx                                 E21E       6       6       1   .text       
     isrVscirx                                 E224       6       6       1   .text       
     isrVscierr                                E22A       1       1       1   .text       
- VARIABLES:
     NVPROT_INIT                               FFBD       1       1       0   .abs_section_ffbd
     NVOPT_INIT                                FFBF       1       1       0   .abs_section_ffbf
     _vect                                     FFC0      40      64       0   .abs_section_ffc0
MODULE:                 -- REPRODUCIR_c.obj --
- PROCEDURES:
     REPRODUCIR_sonido_on                      E22B       4       4       1   .text       
     REPRODUCIR_sonido_off                     E22F       3       3       2   .text       
- VARIABLES:
MODULE:                 -- SCI_c.obj --
- PROCEDURES:
     SCI_inicializar_ble                       E232      11      17       1   .text       
     SCI_escribir_cadena_en_buffer             E243      38      56       9   .text       
     SCI_TX_Handler                            E27B      19      25       1   .text       
     SCI_RX_Handler                            E294       E      14       1   .text       
     SCI_update                                E2A2      37      55       2   .text       
     SCI_get_comando                           E2D9     1D6     470      26   .text       
- VARIABLES:
     STRING.AT.NAMEG1...1                      E146       C      12       1   .rodata1    
     cien                                       100       3       3       1   .data       
     trescientos                                103       3       3       1   .data       
     quinientos                                 106       3       3       1   .data       
     mil                                        109       2       2       1   .data       
     dosmil                                     10B       2       2       1   .data       
     cincomil                                   10D       2       2       1   .data       
     diezmil                                    10F       3       3       1   .data       
     docemil                                    112       3       3       1   .data       
     on                                         115       2       2       1   .data       
     off                                        117       3       3       1   .data       
     reset                                      11A       5       5       1   .data       
     RX_flag_respuesta                          120       1       1       2   .bss        
     TXindiceBuffer                             121       1       1       6   .bss        
     TXindiceEnviar                             122       1       1       4   .bss        
     RXindiceBuffer                             123       1       1       5   .bss        
     cadena_recibir                             124      1E      30      12   .bss        
     cadena_enviar                              142      A7     167       2   .bss        
     RX_flag                                    1E9       1       1       3   .common     
     caracter                                   1EA       1       1       3   .common     
MODULE:                 -- main_c.obj --
- PROCEDURES:
     main                                      E4AF      8B     139       1   .text       
- VARIABLES:
     STRING.Se.ingreso.A.....1                 E152      11      17       1   .rodata1    
     STRING.Se.ingreso.B.....2                 E163      11      17       1   .rodata1    
     STRING.Se.ingreso.C.....3                 E174      11      17       1   .rodata1    
     STRING.Se.ingreso.D.....4                 E185      11      17       1   .rodata1    
     FLAG_inicio                                11F       1       1       3   .data       
     dato                                       1EB       1       1       3   .common     
MODULE:                 -- start08_c.obj --
- PROCEDURES:
     loadByte                                  E000       E      14       5   .init       
     Init                                      E00E      6D     109       1   .init       
     _Startup                                  E07B       9       9       1   .init       
- VARIABLES:
     _startupData                              E084       6       6       4   .startData  
- LABELS:
     __SEG_END_SSTACK                           22C       0       0       1               
MODULE:                 -- mc9s08sh8_c.obj --
- PROCEDURES:
- VARIABLES:
     _PTAD                                        0       1       1       0   .abs_section_0
     _PTADD                                       1       1       1       0   .abs_section_1
     _PTBD                                        2       1       1       1   .abs_section_2
     _PTBDD                                       3       1       1       1   .abs_section_3
     _PTCD                                        4       1       1       0   .abs_section_4
     _PTCDD                                       5       1       1       0   .abs_section_5
     _ACMPSC                                      E       1       1       0   .abs_section_e
     _ADCSC1                                     10       1       1       0   .abs_section_10
     _ADCSC2                                     11       1       1       0   .abs_section_11
     _ADCCFG                                     16       1       1       0   .abs_section_16
     _APCTL1                                     17       1       1       0   .abs_section_17
     _APCTL2                                     18       1       1       0   .abs_section_18
     _IRQSC                                      1A       1       1       0   .abs_section_1a
     _MTIMSC                                     1C       1       1       0   .abs_section_1c
     _MTIMCLK                                    1D       1       1       0   .abs_section_1d
     _MTIMCNT                                    1E       1       1       0   .abs_section_1e
     _MTIMMOD                                    1F       1       1       0   .abs_section_1f
     _TPM1SC                                     20       1       1       0   .abs_section_20
     _TPM1C0SC                                   25       1       1       0   .abs_section_25
     _TPM1C1SC                                   28       1       1       2   .abs_section_28
     _SCIC1                                      3A       1       1       1   .abs_section_3a
     _SCIC2                                      3B       1       1       4   .abs_section_3b
     _SCIS1                                      3C       1       1       3   .abs_section_3c
     _SCIS2                                      3D       1       1       1   .abs_section_3d
     _SCIC3                                      3E       1       1       1   .abs_section_3e
     _SCID                                       3F       1       1       3   .abs_section_3f
     _ICSC1                                      48       1       1       1   .abs_section_48
     _ICSC2                                      49       1       1       1   .abs_section_49
     _ICSTRM                                     4A       1       1       1   .abs_section_4a
     _ICSSC                                      4B       1       1       2   .abs_section_4b
     _SPIC1                                      50       1       1       0   .abs_section_50
     _SPIC2                                      51       1       1       0   .abs_section_51
     _SPIBR                                      52       1       1       0   .abs_section_52
     _SPIS                                       53       1       1       0   .abs_section_53
     _SPID                                       55       1       1       0   .abs_section_55
     _IICA                                       58       1       1       0   .abs_section_58
     _IICF                                       59       1       1       0   .abs_section_59
     _IICC1                                      5A       1       1       0   .abs_section_5a
     _IICS                                       5B       1       1       0   .abs_section_5b
     _IICD                                       5C       1       1       0   .abs_section_5c
     _IICC2                                      5D       1       1       0   .abs_section_5d
     _TPM2SC                                     60       1       1       0   .abs_section_60
     _TPM2C0SC                                   65       1       1       0   .abs_section_65
     _TPM2C1SC                                   68       1       1       0   .abs_section_68
     _RTCSC                                      6C       1       1       0   .abs_section_6c
     _RTCCNT                                     6D       1       1       0   .abs_section_6d
     _RTCMOD                                     6E       1       1       0   .abs_section_6e
     _SRS                                      1800       1       1       0   .abs_section_1800
     _SBDFR                                    1801       1       1       0   .abs_section_1801
     _SOPT1                                    1802       1       1       1   .abs_section_1802
     _SOPT2                                    1803       1       1       0   .abs_section_1803
     _SPMSC1                                   1809       1       1       1   .abs_section_1809
     _SPMSC2                                   180A       1       1       1   .abs_section_180a
     _DBGC                                     1816       1       1       0   .abs_section_1816
     _DBGT                                     1817       1       1       0   .abs_section_1817
     _DBGS                                     1818       1       1       0   .abs_section_1818
     _FCDIV                                    1820       1       1       0   .abs_section_1820
     _FOPT                                     1821       1       1       0   .abs_section_1821
     _FCNFG                                    1823       1       1       0   .abs_section_1823
     _FPROT                                    1824       1       1       0   .abs_section_1824
     _FSTAT                                    1825       1       1       0   .abs_section_1825
     _FCMD                                     1826       1       1       0   .abs_section_1826
     _PTAPE                                    1840       1       1       0   .abs_section_1840
     _PTASE                                    1841       1       1       1   .abs_section_1841
     _PTADS                                    1842       1       1       1   .abs_section_1842
     _PTASC                                    1844       1       1       0   .abs_section_1844
     _PTAPS                                    1845       1       1       0   .abs_section_1845
     _PTAES                                    1846       1       1       0   .abs_section_1846
     _PTBPE                                    1848       1       1       0   .abs_section_1848
     _PTBSE                                    1849       1       1       1   .abs_section_1849
     _PTBDS                                    184A       1       1       1   .abs_section_184a
     _PTBSC                                    184C       1       1       0   .abs_section_184c
     _PTBPS                                    184D       1       1       0   .abs_section_184d
     _PTBES                                    184E       1       1       0   .abs_section_184e
     _PTCPE                                    1850       1       1       0   .abs_section_1850
     _PTCSE                                    1851       1       1       1   .abs_section_1851
     _PTCDS                                    1852       1       1       1   .abs_section_1852
     _GNGC                                     1853       1       1       1   .abs_section_1853
     _ADCR                                       12       2       2       0   .abs_section_12
     _ADCCV                                      14       2       2       0   .abs_section_14
     _TPM1CNT                                    21       2       2       0   .abs_section_21
     _TPM1MOD                                    23       2       2       0   .abs_section_23
     _TPM1C0V                                    26       2       2       0   .abs_section_26
     _TPM1C1V                                    29       2       2       0   .abs_section_29
     _SCIBD                                      38       2       2       2   .abs_section_38
     _TPM2CNT                                    61       2       2       0   .abs_section_61
     _TPM2MOD                                    63       2       2       0   .abs_section_63
     _TPM2C0V                                    66       2       2       0   .abs_section_66
     _TPM2C1V                                    69       2       2       0   .abs_section_69
     _SDID                                     1806       2       2       0   .abs_section_1806
     _DBGCA                                    1810       2       2       0   .abs_section_1810
     _DBGCB                                    1812       2       2       0   .abs_section_1812
     _DBGF                                     1814       2       2       0   .abs_section_1814
MODULE:                 -- rtshc08.o (ansiis.lib) --
- PROCEDURES:
     _Jump_Table_Offset                        E53A      19      25       1   .text       
- VARIABLES:

*********************************************************************************************
MODULE STATISTIC
  Name                                      Data   Code  Const
---------------------------------------------------------------------------------------------
  INTERFAZ_c.obj                               0     42    180
  MCUinit_c.obj                                0    107     66
  REPRODUCIR_c.obj                             0      7      0
  SCI_c.obj                                  234    637     12
  main_c.obj                                   2    139     68
  start08_c.obj                                0    132      0
  mc9s08sh8_c.obj                            108      0      0
  rtshc08.o (ansiis.lib)                       0     25      0
  other                                       64     14     38

*********************************************************************************************
SECTION USE IN OBJECT-ALLOCATION SECTION
---------------------------------------------------------------------------------------------
SECTION: ".text"
  INTERFAZ_bienvenida INTERFAZ_tabla INTERFAZ_menu INTERFAZ_cmd_inv MCU_init 
  isrVscitx isrVscirx isrVscierr REPRODUCIR_sonido_on REPRODUCIR_sonido_off 
  SCI_inicializar_ble SCI_escribir_cadena_en_buffer SCI_TX_Handler 
  SCI_RX_Handler SCI_update SCI_get_comando main _Jump_Table_Offset 
SECTION: ".data"
  cien trescientos quinientos mil dosmil cincomil diezmil docemil on off reset 
  FLAG_inicio 
SECTION: ".bss"
  RX_flag_respuesta TXindiceBuffer TXindiceEnviar RXindiceBuffer 
  cadena_recibir cadena_enviar 
SECTION: ".init"
  loadByte Init _Startup 
SECTION: ".rodata1"
  STRING.BIENVENIDO...1 STRING.100Hz.100..300Hz.300.2 
  STRING.5KHz.5K..10KHz.10K...3 STRING..reset....reset....4 
  STRING..on....sonido.on....5 STRING..off....sonido.off...6 
  STRING.comando.invalido....8 STRING.AT.NAMEG1...1 STRING.Se.ingreso.A.....1 
  STRING.Se.ingreso.B.....2 STRING.Se.ingreso.C.....3 STRING.Se.ingreso.D.....4 
SECTION: ".abs_section_ffbd"
  NVPROT_INIT 
SECTION: ".abs_section_ffbf"
  NVOPT_INIT 
SECTION: ".abs_section_ffc0"
  _vect 
SECTION: ".common"
  RX_flag caracter dato 
SECTION: ".abs_section_0"
  _PTAD 
SECTION: ".abs_section_1"
  _PTADD 
SECTION: ".abs_section_2"
  _PTBD 
SECTION: ".abs_section_3"
  _PTBDD 
SECTION: ".abs_section_4"
  _PTCD 
SECTION: ".abs_section_5"
  _PTCDD 
SECTION: ".abs_section_e"
  _ACMPSC 
SECTION: ".abs_section_10"
  _ADCSC1 
SECTION: ".abs_section_11"
  _ADCSC2 
SECTION: ".abs_section_16"
  _ADCCFG 
SECTION: ".abs_section_17"
  _APCTL1 
SECTION: ".abs_section_18"
  _APCTL2 
SECTION: ".abs_section_1a"
  _IRQSC 
SECTION: ".abs_section_1c"
  _MTIMSC 
SECTION: ".abs_section_1d"
  _MTIMCLK 
SECTION: ".abs_section_1e"
  _MTIMCNT 
SECTION: ".abs_section_1f"
  _MTIMMOD 
SECTION: ".abs_section_20"
  _TPM1SC 
SECTION: ".abs_section_25"
  _TPM1C0SC 
SECTION: ".abs_section_28"
  _TPM1C1SC 
SECTION: ".abs_section_3a"
  _SCIC1 
SECTION: ".abs_section_3b"
  _SCIC2 
SECTION: ".abs_section_3c"
  _SCIS1 
SECTION: ".abs_section_3d"
  _SCIS2 
SECTION: ".abs_section_3e"
  _SCIC3 
SECTION: ".abs_section_3f"
  _SCID 
SECTION: ".abs_section_48"
  _ICSC1 
SECTION: ".abs_section_49"
  _ICSC2 
SECTION: ".abs_section_4a"
  _ICSTRM 
SECTION: ".abs_section_4b"
  _ICSSC 
SECTION: ".abs_section_50"
  _SPIC1 
SECTION: ".abs_section_51"
  _SPIC2 
SECTION: ".abs_section_52"
  _SPIBR 
SECTION: ".abs_section_53"
  _SPIS 
SECTION: ".abs_section_55"
  _SPID 
SECTION: ".abs_section_58"
  _IICA 
SECTION: ".abs_section_59"
  _IICF 
SECTION: ".abs_section_5a"
  _IICC1 
SECTION: ".abs_section_5b"
  _IICS 
SECTION: ".abs_section_5c"
  _IICD 
SECTION: ".abs_section_5d"
  _IICC2 
SECTION: ".abs_section_60"
  _TPM2SC 
SECTION: ".abs_section_65"
  _TPM2C0SC 
SECTION: ".abs_section_68"
  _TPM2C1SC 
SECTION: ".abs_section_6c"
  _RTCSC 
SECTION: ".abs_section_6d"
  _RTCCNT 
SECTION: ".abs_section_6e"
  _RTCMOD 
SECTION: ".abs_section_1800"
  _SRS 
SECTION: ".abs_section_1801"
  _SBDFR 
SECTION: ".abs_section_1802"
  _SOPT1 
SECTION: ".abs_section_1803"
  _SOPT2 
SECTION: ".abs_section_1809"
  _SPMSC1 
SECTION: ".abs_section_180a"
  _SPMSC2 
SECTION: ".abs_section_1816"
  _DBGC 
SECTION: ".abs_section_1817"
  _DBGT 
SECTION: ".abs_section_1818"
  _DBGS 
SECTION: ".abs_section_1820"
  _FCDIV 
SECTION: ".abs_section_1821"
  _FOPT 
SECTION: ".abs_section_1823"
  _FCNFG 
SECTION: ".abs_section_1824"
  _FPROT 
SECTION: ".abs_section_1825"
  _FSTAT 
SECTION: ".abs_section_1826"
  _FCMD 
SECTION: ".abs_section_1840"
  _PTAPE 
SECTION: ".abs_section_1841"
  _PTASE 
SECTION: ".abs_section_1842"
  _PTADS 
SECTION: ".abs_section_1844"
  _PTASC 
SECTION: ".abs_section_1845"
  _PTAPS 
SECTION: ".abs_section_1846"
  _PTAES 
SECTION: ".abs_section_1848"
  _PTBPE 
SECTION: ".abs_section_1849"
  _PTBSE 
SECTION: ".abs_section_184a"
  _PTBDS 
SECTION: ".abs_section_184c"
  _PTBSC 
SECTION: ".abs_section_184d"
  _PTBPS 
SECTION: ".abs_section_184e"
  _PTBES 
SECTION: ".abs_section_1850"
  _PTCPE 
SECTION: ".abs_section_1851"
  _PTCSE 
SECTION: ".abs_section_1852"
  _PTCDS 
SECTION: ".abs_section_1853"
  _GNGC 
SECTION: ".abs_section_12"
  _ADCR 
SECTION: ".abs_section_14"
  _ADCCV 
SECTION: ".abs_section_21"
  _TPM1CNT 
SECTION: ".abs_section_23"
  _TPM1MOD 
SECTION: ".abs_section_26"
  _TPM1C0V 
SECTION: ".abs_section_29"
  _TPM1C1V 
SECTION: ".abs_section_38"
  _SCIBD 
SECTION: ".abs_section_61"
  _TPM2CNT 
SECTION: ".abs_section_63"
  _TPM2MOD 
SECTION: ".abs_section_66"
  _TPM2C0V 
SECTION: ".abs_section_69"
  _TPM2C1V 
SECTION: ".abs_section_1806"
  _SDID 
SECTION: ".abs_section_1810"
  _DBGCA 
SECTION: ".abs_section_1812"
  _DBGCB 
SECTION: ".abs_section_1814"
  _DBGF 

*********************************************************************************************
OBJECT LIST SORTED BY ADDRESS
     Name                                      Addr   hSize   dSize     Ref    Section   RLIB
---------------------------------------------------------------------------------------------
     _PTAD                                        0       1       1       0   .abs_section_0
     _PTADD                                       1       1       1       0   .abs_section_1
     _PTBD                                        2       1       1       1   .abs_section_2
     _PTBDD                                       3       1       1       1   .abs_section_3
     _PTCD                                        4       1       1       0   .abs_section_4
     _PTCDD                                       5       1       1       0   .abs_section_5
     _ACMPSC                                      E       1       1       0   .abs_section_e
     _ADCSC1                                     10       1       1       0   .abs_section_10
     _ADCSC2                                     11       1       1       0   .abs_section_11
     _ADCR                                       12       2       2       0   .abs_section_12
     _ADCCV                                      14       2       2       0   .abs_section_14
     _ADCCFG                                     16       1       1       0   .abs_section_16
     _APCTL1                                     17       1       1       0   .abs_section_17
     _APCTL2                                     18       1       1       0   .abs_section_18
     _IRQSC                                      1A       1       1       0   .abs_section_1a
     _MTIMSC                                     1C       1       1       0   .abs_section_1c
     _MTIMCLK                                    1D       1       1       0   .abs_section_1d
     _MTIMCNT                                    1E       1       1       0   .abs_section_1e
     _MTIMMOD                                    1F       1       1       0   .abs_section_1f
     _TPM1SC                                     20       1       1       0   .abs_section_20
     _TPM1CNT                                    21       2       2       0   .abs_section_21
     _TPM1MOD                                    23       2       2       0   .abs_section_23
     _TPM1C0SC                                   25       1       1       0   .abs_section_25
     _TPM1C0V                                    26       2       2       0   .abs_section_26
     _TPM1C1SC                                   28       1       1       2   .abs_section_28
     _TPM1C1V                                    29       2       2       0   .abs_section_29
     _SCIBD                                      38       2       2       2   .abs_section_38
     _SCIC1                                      3A       1       1       1   .abs_section_3a
     _SCIC2                                      3B       1       1       4   .abs_section_3b
     _SCIS1                                      3C       1       1       3   .abs_section_3c
     _SCIS2                                      3D       1       1       1   .abs_section_3d
     _SCIC3                                      3E       1       1       1   .abs_section_3e
     _SCID                                       3F       1       1       3   .abs_section_3f
     _ICSC1                                      48       1       1       1   .abs_section_48
     _ICSC2                                      49       1       1       1   .abs_section_49
     _ICSTRM                                     4A       1       1       1   .abs_section_4a
     _ICSSC                                      4B       1       1       2   .abs_section_4b
     _SPIC1                                      50       1       1       0   .abs_section_50
     _SPIC2                                      51       1       1       0   .abs_section_51
     _SPIBR                                      52       1       1       0   .abs_section_52
     _SPIS                                       53       1       1       0   .abs_section_53
     _SPID                                       55       1       1       0   .abs_section_55
     _IICA                                       58       1       1       0   .abs_section_58
     _IICF                                       59       1       1       0   .abs_section_59
     _IICC1                                      5A       1       1       0   .abs_section_5a
     _IICS                                       5B       1       1       0   .abs_section_5b
     _IICD                                       5C       1       1       0   .abs_section_5c
     _IICC2                                      5D       1       1       0   .abs_section_5d
     _TPM2SC                                     60       1       1       0   .abs_section_60
     _TPM2CNT                                    61       2       2       0   .abs_section_61
     _TPM2MOD                                    63       2       2       0   .abs_section_63
     _TPM2C0SC                                   65       1       1       0   .abs_section_65
     _TPM2C0V                                    66       2       2       0   .abs_section_66
     _TPM2C1SC                                   68       1       1       0   .abs_section_68
     _TPM2C1V                                    69       2       2       0   .abs_section_69
     _RTCSC                                      6C       1       1       0   .abs_section_6c
     _RTCCNT                                     6D       1       1       0   .abs_section_6d
     _RTCMOD                                     6E       1       1       0   .abs_section_6e
     cien                                       100       3       3       1   .data       
     trescientos                                103       3       3       1   .data       
     quinientos                                 106       3       3       1   .data       
     mil                                        109       2       2       1   .data       
     dosmil                                     10B       2       2       1   .data       
     cincomil                                   10D       2       2       1   .data       
     diezmil                                    10F       3       3       1   .data       
     docemil                                    112       3       3       1   .data       
     on                                         115       2       2       1   .data       
     off                                        117       3       3       1   .data       
     reset                                      11A       5       5       1   .data       
     FLAG_inicio                                11F       1       1       3   .data       
     RX_flag_respuesta                          120       1       1       2   .bss        
     TXindiceBuffer                             121       1       1       6   .bss        
     TXindiceEnviar                             122       1       1       4   .bss        
     RXindiceBuffer                             123       1       1       5   .bss        
     cadena_recibir                             124      1E      30      12   .bss        
     cadena_enviar                              142      A7     167       2   .bss        
     RX_flag                                    1E9       1       1       3   .common     
     caracter                                   1EA       1       1       3   .common     
     dato                                       1EB       1       1       3   .common     
     _SRS                                      1800       1       1       0   .abs_section_1800
     _SBDFR                                    1801       1       1       0   .abs_section_1801
     _SOPT1                                    1802       1       1       1   .abs_section_1802
     _SOPT2                                    1803       1       1       0   .abs_section_1803
     _SDID                                     1806       2       2       0   .abs_section_1806
     _SPMSC1                                   1809       1       1       1   .abs_section_1809
     _SPMSC2                                   180A       1       1       1   .abs_section_180a
     _DBGCA                                    1810       2       2       0   .abs_section_1810
     _DBGCB                                    1812       2       2       0   .abs_section_1812
     _DBGF                                     1814       2       2       0   .abs_section_1814
     _DBGC                                     1816       1       1       0   .abs_section_1816
     _DBGT                                     1817       1       1       0   .abs_section_1817
     _DBGS                                     1818       1       1       0   .abs_section_1818
     _FCDIV                                    1820       1       1       0   .abs_section_1820
     _FOPT                                     1821       1       1       0   .abs_section_1821
     _FCNFG                                    1823       1       1       0   .abs_section_1823
     _FPROT                                    1824       1       1       0   .abs_section_1824
     _FSTAT                                    1825       1       1       0   .abs_section_1825
     _FCMD                                     1826       1       1       0   .abs_section_1826
     _PTAPE                                    1840       1       1       0   .abs_section_1840
     _PTASE                                    1841       1       1       1   .abs_section_1841
     _PTADS                                    1842       1       1       1   .abs_section_1842
     _PTASC                                    1844       1       1       0   .abs_section_1844
     _PTAPS                                    1845       1       1       0   .abs_section_1845
     _PTAES                                    1846       1       1       0   .abs_section_1846
     _PTBPE                                    1848       1       1       0   .abs_section_1848
     _PTBSE                                    1849       1       1       1   .abs_section_1849
     _PTBDS                                    184A       1       1       1   .abs_section_184a
     _PTBSC                                    184C       1       1       0   .abs_section_184c
     _PTBPS                                    184D       1       1       0   .abs_section_184d
     _PTBES                                    184E       1       1       0   .abs_section_184e
     _PTCPE                                    1850       1       1       0   .abs_section_1850
     _PTCSE                                    1851       1       1       1   .abs_section_1851
     _PTCDS                                    1852       1       1       1   .abs_section_1852
     _GNGC                                     1853       1       1       1   .abs_section_1853
     loadByte                                  E000       E      14       5   .init       
     Init                                      E00E      6D     109       1   .init       
     _Startup                                  E07B       9       9       1   .init       
     STRING.BIENVENIDO...1                     E092       D      13       1   .rodata1    
     STRING.100Hz.100..300Hz.300.2             E09F      35      53       1   .rodata1    
     STRING.5KHz.5K..10KHz.10K...3             E0D4      21      33       1   .rodata1    
     STRING..reset....reset....4               E0F5      13      19       1   .rodata1    
     STRING..on....sonido.on....5              E108      14      20       1   .rodata1    
     STRING..off....sonido.off...6             E11C      16      22       1   .rodata1    
     STRING.comando.invalido....8              E132      14      20       1   .rodata1    
     STRING.AT.NAMEG1...1                      E146       C      12       1   .rodata1    
     STRING.Se.ingreso.A.....1                 E152      11      17       1   .rodata1    
     STRING.Se.ingreso.B.....2                 E163      11      17       1   .rodata1    
     STRING.Se.ingreso.C.....3                 E174      11      17       1   .rodata1    
     STRING.Se.ingreso.D.....4                 E185      11      17       1   .rodata1    
     INTERFAZ_bienvenida                       E196       6       6       1   .text       
     INTERFAZ_tabla                            E19C       C      12       1   .text       
     INTERFAZ_menu                             E1A8      12      18       1   .text       
     INTERFAZ_cmd_inv                          E1BA       6       6       1   .text       
     MCU_init                                  E1C0      5E      94       1   .text       
     isrVscitx                                 E21E       6       6       1   .text       
     isrVscirx                                 E224       6       6       1   .text       
     isrVscierr                                E22A       1       1       1   .text       
     REPRODUCIR_sonido_on                      E22B       4       4       1   .text       
     REPRODUCIR_sonido_off                     E22F       3       3       2   .text       
     SCI_inicializar_ble                       E232      11      17       1   .text       
     SCI_escribir_cadena_en_buffer             E243      38      56       9   .text       
     SCI_TX_Handler                            E27B      19      25       1   .text       
     SCI_RX_Handler                            E294       E      14       1   .text       
     SCI_update                                E2A2      37      55       2   .text       
     SCI_get_comando                           E2D9     1D6     470      26   .text       
     main                                      E4AF      8B     139       1   .text       
     _Jump_Table_Offset                        E53A      19      25       1   .text       
     NVPROT_INIT                               FFBD       1       1       0   .abs_section_ffbd
     NVOPT_INIT                                FFBF       1       1       0   .abs_section_ffbf
     _vect                                     FFC0      40      64       0   .abs_section_ffc0

*********************************************************************************************
UNUSED-OBJECTS SECTION
---------------------------------------------------------------------------------------------
NOT USED PROCEDURES
INTERFAZ_c.obj:
  INTERFAZ_opciones_frecuencia 
REPRODUCIR_c.obj:
  REPRODUCIR_frecuencia REPRODUCIR_TPMC0_Handler REPRODUCIR_TPMC1_Handler 
SCI_c.obj:
  SCI_leer_caracter 
rtshc08.o (ansiis.lib):
  _PUSH_ARGS_L _PUSH_ARGS_D _ENTER_UNARY_L _ENTER_UNARY_L64 _ENTER_UNARY_L64_4 
  _ENTER_BINARY_L _ENTER_BINARY_L_RC _ENTER_BINARY_L_LC _ENTER_BINARY_L64 
  _ENTER_BINARY_L64_LC _ENTER_BINARY_L64_RC _IDIVMOD _SPLITSIGN 
  _LADD_k_is_k_plus_j _k_is_k_plus_j_l _k_is_k_plus_j_i _LSUB_k_is_k_minus_j 
  _LAND_k_is_k_and_j _LOR_k_is_k_or_j _LXOR_k_is_k_xor_j _LMUL_k_is_k_mul_j 
  _LDIVMOD _NEG_L_HX _ABS_L_HX _SPLITSIGN_L _LMODU_k_is_k_mod_j 
  _LDIVU_k_is_k_div_j _LMODS_k_is_k_mod_j _LDIVS_k_is_k_div_j _LCMP_k_rel_j 
  _CMP24_k_rel_j _BMULS _BDIVS _BMODS _IMUL_STAR08 _IDIVS_STAR08 _IDIVU_STAR08 
  _IMODS_STAR08 _IMODU_STAR08 _IDIVU_8 _IMODU_8 _IASR _ILSR _ILSL _ICMP _LINC 
  _LDEC _LNEG _LNOT _LADD _LADD_RC _LSUB _LSUB_LC _LSUB_RC _LAND _LAND_RC _LOR 
  _LOR_RC _LXOR _LXOR_RC _LMUL _LMUL_RC _LDIVS _LDIVS_LC _LDIVS_RC _LDIVU 
  _LDIVU_LC _LDIVU_RC _LMODS _LMODS_LC _LMODS_RC _LMODU _LMODU_LC _LMODU_RC 
  _LASR _LLSR _LLSL _LCMP _LCMP_RC _PUSH_ARGS_24 _ENTER_BINARY_24_RC 
  _ENTER_BINARY_24 _CMP24 _CMP24_RC _COPY _COPY_L _POP32 _POP64 _STORE32 
  _STORE64 _SEXT8_32 _SEXT16_32 _CALL_STAR08 _CALL_STAR08_FAR _Jump_Table_Addr 
  _Jump_Table_Header_Addr _Jump_Table_Header_Offset _Search_Table_16_Addr 
  _Search_Table_16_Offset _Search_Table_8_Addr _Search_Table_8_Offset _PUSH_CC 
  _POP_CC _CONV_FAR_TO_NEAR _CONV_FAR_TO_LINEAR _CONV_LINEAR_TO_FAR 
NOT USED VARIABLES
INTERFAZ_c.obj:
  STRING.ingrese.el.comando.c.7 
REPRODUCIR_c.obj:
  frecuencias reproduccion NC 
SCI_c.obj:
  arrayCaracter RXindiceLectura 
main_c.obj:
  FLAG_play FLAG_play_frecuencia 
rtshc08.o (ansiis.lib):
  _PowOfTwo_8 _PowOfTwo_16 _PowOfTwo_32 errno 

*********************************************************************************************
COPYDOWN SECTION
---------------------------------------------------------------------------------------------
------- ROM-ADDRESS: 0xE553 ---- SIZE       4 ---
Filling bytes inserted
 00200100
------- ROM-ADDRESS: 0xE557 ---- RAM-ADDRESS: 0x100 ---- SIZE       3 ---
Name of initialized Object : cien
 313030
------- ROM-ADDRESS: 0xE55A ---- RAM-ADDRESS: 0x103 ---- SIZE       3 ---
Name of initialized Object : trescientos
 333030
------- ROM-ADDRESS: 0xE55D ---- RAM-ADDRESS: 0x106 ---- SIZE       3 ---
Name of initialized Object : quinientos
 353030
------- ROM-ADDRESS: 0xE560 ---- RAM-ADDRESS: 0x109 ---- SIZE       2 ---
Name of initialized Object : mil
 314B
------- ROM-ADDRESS: 0xE562 ---- RAM-ADDRESS: 0x10B ---- SIZE       2 ---
Name of initialized Object : dosmil
 324B
------- ROM-ADDRESS: 0xE564 ---- RAM-ADDRESS: 0x10D ---- SIZE       2 ---
Name of initialized Object : cincomil
 354B
------- ROM-ADDRESS: 0xE566 ---- RAM-ADDRESS: 0x10F ---- SIZE       3 ---
Name of initialized Object : diezmil
 31304B
------- ROM-ADDRESS: 0xE569 ---- RAM-ADDRESS: 0x112 ---- SIZE       3 ---
Name of initialized Object : docemil
 31324B
------- ROM-ADDRESS: 0xE56C ---- RAM-ADDRESS: 0x115 ---- SIZE       2 ---
Name of initialized Object : on
 4F4E
------- ROM-ADDRESS: 0xE56E ---- RAM-ADDRESS: 0x117 ---- SIZE       3 ---
Name of initialized Object : off
 4F4646
------- ROM-ADDRESS: 0xE571 ---- RAM-ADDRESS: 0x11A ---- SIZE       5 ---
Name of initialized Object : reset
 5245534554
------- ROM-ADDRESS: 0xE576 ---- RAM-ADDRESS: 0x11F ---- SIZE       1 ---
Name of initialized Object : FLAG_inicio
 01
------- ROM-ADDRESS: 0xE577 ---- SIZE       2 ---
Filling bytes inserted
 0000

*********************************************************************************************
OBJECT-DEPENDENCIES SECTION
---------------------------------------------------------------------------------------------
Init                      USES _startupData loadByte 
_Startup                  USES __SEG_END_SSTACK Init main 
INTERFAZ_bienvenida       USES STRING.BIENVENIDO...1 
                                SCI_escribir_cadena_en_buffer 
INTERFAZ_tabla            USES STRING.100Hz.100..300Hz.300.2 
                                SCI_escribir_cadena_en_buffer STRING.5KHz.5K..10KHz.10K...3 
INTERFAZ_menu             USES STRING..reset....reset....4 
                                SCI_escribir_cadena_en_buffer STRING..on....sonido.on....5 
                                STRING..off....sonido.off...6 
INTERFAZ_cmd_inv          USES STRING.comando.invalido....8 
                                SCI_escribir_cadena_en_buffer 
MCU_init                  USES _SOPT1 _SPMSC1 _SPMSC2 _ICSTRM _ICSSC _ICSC1 
                                _ICSC2 _GNGC _PTASE _PTBSE _PTCSE _PTADS _PTBDS 
                                _PTCDS _SCIC2 _SCIS1 _SCID _SCIS2 _SCIBD _SCIC1 
                                _SCIC3 
isrVscitx                 USES SCI_TX_Handler 
isrVscirx                 USES SCI_RX_Handler 
REPRODUCIR_sonido_on      USES _TPM1C1SC 
REPRODUCIR_sonido_off     USES _TPM1C1SC 
SCI_inicializar_ble       USES STRING.AT.NAMEG1...1 
                                SCI_escribir_cadena_en_buffer SCI_update RX_flag_respuesta 
SCI_escribir_cadena_en_buffer USES TXindiceBuffer cadena_enviar 
SCI_TX_Handler            USES _SCIS1 TXindiceEnviar TXindiceBuffer 
                                cadena_enviar _SCID _SCIC2 
SCI_RX_Handler            USES _SCIS1 _SCID caracter RX_flag 
SCI_update                USES TXindiceEnviar TXindiceBuffer _SCIC2 RX_flag 
                                RXindiceBuffer caracter cadena_recibir RX_flag_respuesta 
SCI_get_comando           USES RXindiceBuffer SCI_get_comando cadena_recibir 
                                mil dosmil on cien trescientos quinientos cincomil 
                                diezmil docemil off reset 
main                      USES MCU_init _PTBDD SCI_inicializar_ble 
                                REPRODUCIR_sonido_off SCI_update _PTBD FLAG_inicio 
                                INTERFAZ_bienvenida INTERFAZ_tabla INTERFAZ_menu dato 
                                SCI_get_comando _Jump_Table_Offset STRING.Se.ingreso.A.....1 
                                STRING.Se.ingreso.B.....2 STRING.Se.ingreso.C.....3 
                                STRING.Se.ingreso.D.....4 SCI_escribir_cadena_en_buffer 
                                REPRODUCIR_sonido_on INTERFAZ_cmd_inv 
_vect                     USES isrVscitx isrVscirx isrVscierr _Startup 

*********************************************************************************************
DEPENDENCY TREE
*********************************************************************************************
 main and _Startup Group
 | 
 +- main                
 |  | 
 |  +- MCU_init            
 |  |    
 |  +- SCI_inicializar_ble 
 |  |  | 
 |  |  +- SCI_escribir_cadena_en_buffer
 |  |  |    
 |  |  +- SCI_update          
 |  |       
 |  +- REPRODUCIR_sonido_off
 |  |    
 |  +- SCI_update           (see above)
 |  |  
 |  +- INTERFAZ_bienvenida 
 |  |  | 
 |  |  +- SCI_escribir_cadena_en_buffer (see above)
 |  |     
 |  +- INTERFAZ_tabla      
 |  |  | 
 |  |  +- SCI_escribir_cadena_en_buffer (see above)
 |  |     
 |  +- INTERFAZ_menu       
 |  |  | 
 |  |  +- SCI_escribir_cadena_en_buffer (see above)
 |  |     
 |  +- SCI_get_comando     
 |  |    
 |  +- _Jump_Table_Offset  
 |  |    
 |  +- SCI_escribir_cadena_en_buffer (see above)
 |  |  
 |  +- REPRODUCIR_sonido_on
 |  |    
 |  +- INTERFAZ_cmd_inv    
 |     | 
 |     +- SCI_escribir_cadena_en_buffer (see above)
 |        
 +- _Startup            
    | 
    +- Init                
    |  | 
    |  +- loadByte            
    |       
    +- main                 (see above)
       
 _vect               
 | 
 +- isrVscitx           
 |  | 
 |  +- SCI_TX_Handler      
 |       
 +- isrVscirx           
 |  | 
 |  +- SCI_RX_Handler      
 |       
 +- isrVscierr          
 |    
 +- _Startup             (see above)
    
*********************************************************************************************
STATISTIC SECTION
---------------------------------------------------------------------------------------------

ExeFile:
--------
Number of blocks to be downloaded: 6
Total size of all blocks to be downloaded: 1467

